a low=2 high=1
b low=1 high=0
a + b low=3 high=1
a - b low=1 high=1
-a low=-2 high=-2
a & b low=0 high=0
a | b low=3 high=1
a ^ b low=3 high=1
~a low=-3 high=-2
globalWide low=11 high=10
0x100000000 low=0 high=1
-0x100000000 low=0 high=-1
b - a low=-1 high=-2
a * b low=2 high=1
big * big low=4 high=4
a / 5 low=858993459 high=0
a % 5 low=3 high=0
-a / 5 low=-858993459 high=-1
-a % 5 low=-3 high=-1
(unsigned)a / 3 low=1431655766 high=0
a << 4 low=32 high=16
a << 40 low=0 high=512
(unsigned)a >> 36 low=0 high=0
a >> 36 low=0 high=0
-1 >> 1 low=-1 high=-1
(float)0x100000002 == 4294967296.0f: 1
(long long)4294967296.0f low=0 high=1
(long long)-1.0f low=-1 high=-1
a < a + b: 1
a == 0x100000002: 1
(unsigned)(-1) > 1: 1
(long long)(-1) < 1: 1
pair.value low=3 high=1
table[2] low=3 high=1
counter after ++ low=3 high=1
counter++ value low=2 high=1
(bool)0x100000000: 1
