a low=2 high=1
b low=1 high=0
a + b low=3 high=1
a - b low=1 high=1
-a low=-2 high=-2
a & b low=0 high=0
a | b low=3 high=1
~a low=-3 high=-2
0x100000000 low=0 high=1
-0x100000000 low=0 high=-1
b - a low=-1 high=-2
a < a + b: 1
a == 0x100000002: 1
(unsigned)(-1) > 1: 1
(long long)(-1) < 1: 1
pair.value low=3 high=1
table[2] low=3 high=1
